Quick smoke checks (non-blocking)	Set up job	﻿2025-08-29T18:08:32.2414720Z ##[debug]Starting: Set up job
Quick smoke checks (non-blocking)	Set up job	2025-08-29T18:08:32.2416008Z Current runner version: '2.328.0'
Quick smoke checks (non-blocking)	Set up job	2025-08-29T18:08:32.2436306Z ##[group]Runner Image Provisioner
Quick smoke checks (non-blocking)	Set up job	2025-08-29T18:08:32.2437267Z Hosted Compute Agent
Quick smoke checks (non-blocking)	Set up job	2025-08-29T18:08:32.2438054Z Version: 20250821.380
Quick smoke checks (non-blocking)	Set up job	2025-08-29T18:08:32.2438666Z Commit: 438d12cb4fe092871db9867344e3bc0bc5319035
Quick smoke checks (non-blocking)	Set up job	2025-08-29T18:08:32.2439348Z Build Date: 2025-08-21T20:49:43Z
Quick smoke checks (non-blocking)	Set up job	2025-08-29T18:08:32.2440021Z ##[endgroup]
Quick smoke checks (non-blocking)	Set up job	2025-08-29T18:08:32.2440570Z ##[group]Operating System
Quick smoke checks (non-blocking)	Set up job	2025-08-29T18:08:32.2441106Z Ubuntu
Quick smoke checks (non-blocking)	Set up job	2025-08-29T18:08:32.2441602Z 24.04.3
Quick smoke checks (non-blocking)	Set up job	2025-08-29T18:08:32.2442056Z LTS
Quick smoke checks (non-blocking)	Set up job	2025-08-29T18:08:32.2442480Z ##[endgroup]
Quick smoke checks (non-blocking)	Set up job	2025-08-29T18:08:32.2443019Z ##[group]Runner Image
Quick smoke checks (non-blocking)	Set up job	2025-08-29T18:08:32.2443562Z Image: ubuntu-24.04
Quick smoke checks (non-blocking)	Set up job	2025-08-29T18:08:32.2444083Z Version: 20250824.1.0
Quick smoke checks (non-blocking)	Set up job	2025-08-29T18:08:32.2445093Z Included Software: https://github.com/actions/runner-images/blob/ubuntu24/20250824.1/images/ubuntu/Ubuntu2404-Readme.md
Quick smoke checks (non-blocking)	Set up job	2025-08-29T18:08:32.2446749Z Image Release: https://github.com/actions/runner-images/releases/tag/ubuntu24%2F20250824.1
Quick smoke checks (non-blocking)	Set up job	2025-08-29T18:08:32.2447851Z ##[endgroup]
Quick smoke checks (non-blocking)	Set up job	2025-08-29T18:08:32.2450156Z ##[group]GITHUB_TOKEN Permissions
Quick smoke checks (non-blocking)	Set up job	2025-08-29T18:08:32.2452370Z Actions: read
Quick smoke checks (non-blocking)	Set up job	2025-08-29T18:08:32.2452948Z Attestations: read
Quick smoke checks (non-blocking)	Set up job	2025-08-29T18:08:32.2453435Z Checks: read
Quick smoke checks (non-blocking)	Set up job	2025-08-29T18:08:32.2454025Z Contents: read
Quick smoke checks (non-blocking)	Set up job	2025-08-29T18:08:32.2454549Z Deployments: read
Quick smoke checks (non-blocking)	Set up job	2025-08-29T18:08:32.2455068Z Discussions: read
Quick smoke checks (non-blocking)	Set up job	2025-08-29T18:08:32.2455660Z Issues: read
Quick smoke checks (non-blocking)	Set up job	2025-08-29T18:08:32.2456114Z Metadata: read
Quick smoke checks (non-blocking)	Set up job	2025-08-29T18:08:32.2456601Z Models: read
Quick smoke checks (non-blocking)	Set up job	2025-08-29T18:08:32.2457508Z Packages: read
Quick smoke checks (non-blocking)	Set up job	2025-08-29T18:08:32.2458059Z Pages: read
Quick smoke checks (non-blocking)	Set up job	2025-08-29T18:08:32.2458623Z PullRequests: read
Quick smoke checks (non-blocking)	Set up job	2025-08-29T18:08:32.2459263Z RepositoryProjects: read
Quick smoke checks (non-blocking)	Set up job	2025-08-29T18:08:32.2459828Z SecurityEvents: read
Quick smoke checks (non-blocking)	Set up job	2025-08-29T18:08:32.2460322Z Statuses: read
Quick smoke checks (non-blocking)	Set up job	2025-08-29T18:08:32.2460873Z ##[endgroup]
Quick smoke checks (non-blocking)	Set up job	2025-08-29T18:08:32.2463606Z Secret source: Actions
Quick smoke checks (non-blocking)	Set up job	2025-08-29T18:08:32.2464374Z ##[debug]Primary repository: jack2019-cb/chronos
Quick smoke checks (non-blocking)	Set up job	2025-08-29T18:08:32.2465169Z Prepare workflow directory
Quick smoke checks (non-blocking)	Set up job	2025-08-29T18:08:32.2528971Z ##[debug]Creating pipeline directory: '/home/runner/work/chronos'
Quick smoke checks (non-blocking)	Set up job	2025-08-29T18:08:32.2532157Z ##[debug]Creating workspace directory: '/home/runner/work/chronos/chronos'
Quick smoke checks (non-blocking)	Set up job	2025-08-29T18:08:32.2533703Z ##[debug]Update context data
Quick smoke checks (non-blocking)	Set up job	2025-08-29T18:08:32.2537124Z ##[debug]Evaluating job-level environment variables
Quick smoke checks (non-blocking)	Set up job	2025-08-29T18:08:32.2754098Z ##[debug]Evaluating job container
Quick smoke checks (non-blocking)	Set up job	2025-08-29T18:08:32.2758180Z ##[debug]Evaluating job service containers
Quick smoke checks (non-blocking)	Set up job	2025-08-29T18:08:32.2760726Z ##[debug]Evaluating job defaults
Quick smoke checks (non-blocking)	Set up job	2025-08-29T18:08:32.2785461Z Prepare all required actions
Quick smoke checks (non-blocking)	Set up job	2025-08-29T18:08:32.2822485Z Getting action download info
Quick smoke checks (non-blocking)	Set up job	2025-08-29T18:08:32.5850216Z Download action repository 'actions/checkout@v4' (SHA:08eba0b27e820071cde6df949e0beb9ba4906955)
Quick smoke checks (non-blocking)	Set up job	2025-08-29T18:08:32.5878414Z ##[debug]Copied action archive '/opt/actionarchivecache/actions_checkout/08eba0b27e820071cde6df949e0beb9ba4906955.tar.gz' to '/home/runner/work/_actions/_temp_9431d144-37db-4772-8e0d-87d3f96435af/88f91da9-d5c6-4b85-b49b-903ab61f4970.tar.gz'
Quick smoke checks (non-blocking)	Set up job	2025-08-29T18:08:32.6506499Z ##[debug]Unwrap 'actions-checkout-08eba0b' to '/home/runner/work/_actions/actions/checkout/v4'
Quick smoke checks (non-blocking)	Set up job	2025-08-29T18:08:32.6645275Z ##[debug]Archive '/home/runner/work/_actions/_temp_9431d144-37db-4772-8e0d-87d3f96435af/88f91da9-d5c6-4b85-b49b-903ab61f4970.tar.gz' has been unzipped into '/home/runner/work/_actions/actions/checkout/v4'.
Quick smoke checks (non-blocking)	Set up job	2025-08-29T18:08:32.6747597Z Download action repository 'actions/setup-node@v4' (SHA:49933ea5288caeca8642d1e84afbd3f7d6820020)
Quick smoke checks (non-blocking)	Set up job	2025-08-29T18:08:32.6791222Z ##[debug]Copied action archive '/opt/actionarchivecache/actions_setup-node/49933ea5288caeca8642d1e84afbd3f7d6820020.tar.gz' to '/home/runner/work/_actions/_temp_7935cb02-e07c-407f-ab6c-a69784dce4ec/ba4423a7-1b91-40ec-97c8-37a78295daa7.tar.gz'
Quick smoke checks (non-blocking)	Set up job	2025-08-29T18:08:32.7353047Z ##[debug]Unwrap 'actions-setup-node-49933ea' to '/home/runner/work/_actions/actions/setup-node/v4'
Quick smoke checks (non-blocking)	Set up job	2025-08-29T18:08:32.7599328Z ##[debug]Archive '/home/runner/work/_actions/_temp_7935cb02-e07c-407f-ab6c-a69784dce4ec/ba4423a7-1b91-40ec-97c8-37a78295daa7.tar.gz' has been unzipped into '/home/runner/work/_actions/actions/setup-node/v4'.
Quick smoke checks (non-blocking)	Set up job	2025-08-29T18:08:32.7758533Z Download action repository 'actions/upload-artifact@v4' (SHA:ea165f8d65b6e75b540449e92b4886f43607fa02)
Quick smoke checks (non-blocking)	Set up job	2025-08-29T18:08:32.8604949Z ##[debug]Copied action archive '/opt/actionarchivecache/actions_upload-artifact/ea165f8d65b6e75b540449e92b4886f43607fa02.tar.gz' to '/home/runner/work/_actions/_temp_5cbcc5b7-8939-4b25-88df-aec71e777a46/7c6987a2-a186-46d4-9774-9048de97591d.tar.gz'
Quick smoke checks (non-blocking)	Set up job	2025-08-29T18:08:32.9265686Z ##[debug]Unwrap 'actions-upload-artifact-ea165f8' to '/home/runner/work/_actions/actions/upload-artifact/v4'
Quick smoke checks (non-blocking)	Set up job	2025-08-29T18:08:32.9572883Z ##[debug]Archive '/home/runner/work/_actions/_temp_5cbcc5b7-8939-4b25-88df-aec71e777a46/7c6987a2-a186-46d4-9774-9048de97591d.tar.gz' has been unzipped into '/home/runner/work/_actions/actions/upload-artifact/v4'.
Quick smoke checks (non-blocking)	Set up job	2025-08-29T18:08:32.9651772Z ##[debug]action.yml for action: '/home/runner/work/_actions/actions/checkout/v4/action.yml'.
Quick smoke checks (non-blocking)	Set up job	2025-08-29T18:08:33.0273848Z ##[debug]action.yml for action: '/home/runner/work/_actions/actions/setup-node/v4/action.yml'.
Quick smoke checks (non-blocking)	Set up job	2025-08-29T18:08:33.0368652Z ##[debug]action.yml for action: '/home/runner/work/_actions/actions/upload-artifact/v4/action.yml'.
Quick smoke checks (non-blocking)	Set up job	2025-08-29T18:08:33.0507205Z ##[debug]Set step '__actions_checkout' display name to: 'Run actions/checkout@v4'
Quick smoke checks (non-blocking)	Set up job	2025-08-29T18:08:33.0512027Z ##[debug]Set step '__actions_setup-node' display name to: 'Setup Node (light)'
Quick smoke checks (non-blocking)	Set up job	2025-08-29T18:08:33.0515321Z ##[debug]Set step '__run' display name to: 'Install server deps (fast)'
Quick smoke checks (non-blocking)	Set up job	2025-08-29T18:08:33.0518640Z ##[debug]Set step '__run_2' display name to: 'Start server in background'
Quick smoke checks (non-blocking)	Set up job	2025-08-29T18:08:33.0521674Z ##[debug]Set step '__run_3' display name to: 'Check /health endpoint'
Quick smoke checks (non-blocking)	Set up job	2025-08-29T18:08:33.0524870Z ##[debug]Set step '__run_4' display name to: 'Optional quick export (allowed to fail)'
Quick smoke checks (non-blocking)	Set up job	2025-08-29T18:08:33.0528733Z ##[debug]Set step '__actions_upload-artifact' display name to: 'Upload quick smoke logs'
Quick smoke checks (non-blocking)	Set up job	2025-08-29T18:08:33.0530711Z Complete job name: Quick smoke checks (non-blocking)
Quick smoke checks (non-blocking)	Set up job	2025-08-29T18:08:33.0590671Z ##[debug]Collect running processes for tracking orphan processes.
Quick smoke checks (non-blocking)	Set up job	2025-08-29T18:08:33.0794383Z ##[debug]Finishing: Set up job
Quick smoke checks (non-blocking)	Run actions/checkout@v4	﻿2025-08-29T18:08:33.0922989Z ##[debug]Evaluating condition for step: 'Run actions/checkout@v4'
Quick smoke checks (non-blocking)	Run actions/checkout@v4	2025-08-29T18:08:33.0961159Z ##[debug]Evaluating: success()
Quick smoke checks (non-blocking)	Run actions/checkout@v4	2025-08-29T18:08:33.0966532Z ##[debug]Evaluating success:
Quick smoke checks (non-blocking)	Run actions/checkout@v4	2025-08-29T18:08:33.0982600Z ##[debug]=> true
Quick smoke checks (non-blocking)	Run actions/checkout@v4	2025-08-29T18:08:33.0989345Z ##[debug]Result: true
Quick smoke checks (non-blocking)	Run actions/checkout@v4	2025-08-29T18:08:33.1011989Z ##[debug]Starting: Run actions/checkout@v4
Quick smoke checks (non-blocking)	Run actions/checkout@v4	2025-08-29T18:08:33.1104185Z ##[debug]Register post job cleanup for action: actions/checkout@v4
Quick smoke checks (non-blocking)	Run actions/checkout@v4	2025-08-29T18:08:33.1196264Z ##[debug]Loading inputs
Quick smoke checks (non-blocking)	Run actions/checkout@v4	2025-08-29T18:08:33.1205264Z ##[debug]Evaluating: github.repository
Quick smoke checks (non-blocking)	Run actions/checkout@v4	2025-08-29T18:08:33.1207111Z ##[debug]Evaluating Index:
Quick smoke checks (non-blocking)	Run actions/checkout@v4	2025-08-29T18:08:33.1209446Z ##[debug]..Evaluating github:
Quick smoke checks (non-blocking)	Run actions/checkout@v4	2025-08-29T18:08:33.1211013Z ##[debug]..=> Object
Quick smoke checks (non-blocking)	Run actions/checkout@v4	2025-08-29T18:08:33.1217237Z ##[debug]..Evaluating String:
Quick smoke checks (non-blocking)	Run actions/checkout@v4	2025-08-29T18:08:33.1218641Z ##[debug]..=> 'repository'
Quick smoke checks (non-blocking)	Run actions/checkout@v4	2025-08-29T18:08:33.1223472Z ##[debug]=> 'jack2019-cb/chronos'
Quick smoke checks (non-blocking)	Run actions/checkout@v4	2025-08-29T18:08:33.1225552Z ##[debug]Result: 'jack2019-cb/chronos'
Quick smoke checks (non-blocking)	Run actions/checkout@v4	2025-08-29T18:08:33.1230398Z ##[debug]Evaluating: github.token
Quick smoke checks (non-blocking)	Run actions/checkout@v4	2025-08-29T18:08:33.1231446Z ##[debug]Evaluating Index:
Quick smoke checks (non-blocking)	Run actions/checkout@v4	2025-08-29T18:08:33.1232305Z ##[debug]..Evaluating github:
Quick smoke checks (non-blocking)	Run actions/checkout@v4	2025-08-29T18:08:33.1233189Z ##[debug]..=> Object
Quick smoke checks (non-blocking)	Run actions/checkout@v4	2025-08-29T18:08:33.1234009Z ##[debug]..Evaluating String:
Quick smoke checks (non-blocking)	Run actions/checkout@v4	2025-08-29T18:08:33.1234882Z ##[debug]..=> 'token'
Quick smoke checks (non-blocking)	Run actions/checkout@v4	2025-08-29T18:08:33.1236137Z ##[debug]=> '***'
Quick smoke checks (non-blocking)	Run actions/checkout@v4	2025-08-29T18:08:33.1237375Z ##[debug]Result: '***'
Quick smoke checks (non-blocking)	Run actions/checkout@v4	2025-08-29T18:08:33.1263070Z ##[debug]Loading env
Quick smoke checks (non-blocking)	Run actions/checkout@v4	2025-08-29T18:08:33.1344365Z ##[group]Run actions/checkout@v4
Quick smoke checks (non-blocking)	Run actions/checkout@v4	2025-08-29T18:08:33.1345518Z with:
Quick smoke checks (non-blocking)	Run actions/checkout@v4	2025-08-29T18:08:33.1346487Z   repository: jack2019-cb/chronos
Quick smoke checks (non-blocking)	Run actions/checkout@v4	2025-08-29T18:08:33.1347893Z   token: ***
Quick smoke checks (non-blocking)	Run actions/checkout@v4	2025-08-29T18:08:33.1348587Z   ssh-strict: true
Quick smoke checks (non-blocking)	Run actions/checkout@v4	2025-08-29T18:08:33.1349316Z   ssh-user: git
Quick smoke checks (non-blocking)	Run actions/checkout@v4	2025-08-29T18:08:33.1350064Z   persist-credentials: true
Quick smoke checks (non-blocking)	Run actions/checkout@v4	2025-08-29T18:08:33.1350929Z   clean: true
Quick smoke checks (non-blocking)	Run actions/checkout@v4	2025-08-29T18:08:33.1351680Z   sparse-checkout-cone-mode: true
Quick smoke checks (non-blocking)	Run actions/checkout@v4	2025-08-29T18:08:33.1352584Z   fetch-depth: 1
Quick smoke checks (non-blocking)	Run actions/checkout@v4	2025-08-29T18:08:33.1353311Z   fetch-tags: false
Quick smoke checks (non-blocking)	Run actions/checkout@v4	2025-08-29T18:08:33.1354071Z   show-progress: true
Quick smoke checks (non-blocking)	Run actions/checkout@v4	2025-08-29T18:08:33.1354823Z   lfs: false
Quick smoke checks (non-blocking)	Run actions/checkout@v4	2025-08-29T18:08:33.1355498Z   submodules: false
Quick smoke checks (non-blocking)	Run actions/checkout@v4	2025-08-29T18:08:33.1356265Z   set-safe-directory: true
Quick smoke checks (non-blocking)	Run actions/checkout@v4	2025-08-29T18:08:33.1357484Z ##[endgroup]
Quick smoke checks (non-blocking)	Run actions/checkout@v4	2025-08-29T18:08:33.2355280Z ##[debug]GITHUB_WORKSPACE = '/home/runner/work/chronos/chronos'
Quick smoke checks (non-blocking)	Run actions/checkout@v4	2025-08-29T18:08:33.2359618Z ##[debug]qualified repository = 'jack2019-cb/chronos'
Quick smoke checks (non-blocking)	Run actions/checkout@v4	2025-08-29T18:08:33.2362547Z ##[debug]ref = 'refs/pull/5/merge'
Quick smoke checks (non-blocking)	Run actions/checkout@v4	2025-08-29T18:08:33.2365363Z ##[debug]commit = '3f1d9b0418782a3b14bb14b7098baa2e50d9a405'
Quick smoke checks (non-blocking)	Run actions/checkout@v4	2025-08-29T18:08:33.2368490Z ##[debug]clean = true
Quick smoke checks (non-blocking)	Run actions/checkout@v4	2025-08-29T18:08:33.2370775Z ##[debug]filter = undefined
Quick smoke checks (non-blocking)	Run actions/checkout@v4	2025-08-29T18:08:33.2373139Z ##[debug]fetch depth = 1
Quick smoke checks (non-blocking)	Run actions/checkout@v4	2025-08-29T18:08:33.2375570Z ##[debug]fetch tags = false
Quick smoke checks (non-blocking)	Run actions/checkout@v4	2025-08-29T18:08:33.2378250Z ##[debug]show progress = true
Quick smoke checks (non-blocking)	Run actions/checkout@v4	2025-08-29T18:08:33.2380555Z ##[debug]lfs = false
Quick smoke checks (non-blocking)	Run actions/checkout@v4	2025-08-29T18:08:33.2382741Z ##[debug]submodules = false
Quick smoke checks (non-blocking)	Run actions/checkout@v4	2025-08-29T18:08:33.2385200Z ##[debug]recursive submodules = false
Quick smoke checks (non-blocking)	Run actions/checkout@v4	2025-08-29T18:08:33.2387998Z ##[debug]GitHub Host URL = 
Quick smoke checks (non-blocking)	Run actions/checkout@v4	2025-08-29T18:08:33.2391944Z ::add-matcher::/home/runner/work/_actions/actions/checkout/v4/dist/problem-matcher.json
Quick smoke checks (non-blocking)	Run actions/checkout@v4	2025-08-29T18:08:33.2500916Z ##[debug]Added matchers: 'checkout-git'. Problem matchers scan action output for known warning or error strings and report these inline.
Quick smoke checks (non-blocking)	Run actions/checkout@v4	2025-08-29T18:08:33.2509198Z Syncing repository: jack2019-cb/chronos
Quick smoke checks (non-blocking)	Run actions/checkout@v4	2025-08-29T18:08:33.2512368Z ::group::Getting Git version info
Quick smoke checks (non-blocking)	Run actions/checkout@v4	2025-08-29T18:08:33.2515012Z ##[group]Getting Git version info
Quick smoke checks (non-blocking)	Run actions/checkout@v4	2025-08-29T18:08:33.2517372Z Working directory is '/home/runner/work/chronos/chronos'
Quick smoke checks (non-blocking)	Run actions/checkout@v4	2025-08-29T18:08:33.2520410Z ##[debug]Getting git version
Quick smoke checks (non-blocking)	Run actions/checkout@v4	2025-08-29T18:08:33.2521986Z [command]/usr/bin/git version
Quick smoke checks (non-blocking)	Run actions/checkout@v4	2025-08-29T18:08:33.2523524Z git version 2.51.0
Quick smoke checks (non-blocking)	Run actions/checkout@v4	2025-08-29T18:08:33.2544296Z ##[debug]0
Quick smoke checks (non-blocking)	Run actions/checkout@v4	2025-08-29T18:08:33.2546486Z ##[debug]git version 2.51.0
Quick smoke checks (non-blocking)	Run actions/checkout@v4	2025-08-29T18:08:33.2548121Z ##[debug]
Quick smoke checks (non-blocking)	Run actions/checkout@v4	2025-08-29T18:08:33.2550723Z ##[debug]Set git useragent to: git/2.51.0 (github-actions-checkout)
Quick smoke checks (non-blocking)	Run actions/checkout@v4	2025-08-29T18:08:33.2553859Z ::endgroup::
Quick smoke checks (non-blocking)	Run actions/checkout@v4	2025-08-29T18:08:33.2555592Z ##[endgroup]
Quick smoke checks (non-blocking)	Run actions/checkout@v4	2025-08-29T18:08:33.2561097Z ::add-mask::***
Quick smoke checks (non-blocking)	Run actions/checkout@v4	2025-08-29T18:08:33.2565527Z Temporarily overriding HOME='/home/runner/work/_temp/5917a44b-9d3f-4aef-a996-f1706f988108' before making global git config changes
Quick smoke checks (non-blocking)	Run actions/checkout@v4	2025-08-29T18:08:33.2570561Z Adding repository directory to the temporary git global config as a safe directory
Quick smoke checks (non-blocking)	Run actions/checkout@v4	2025-08-29T18:08:33.2574376Z [command]/usr/bin/git config --global --add safe.directory /home/runner/work/chronos/chronos
Quick smoke checks (non-blocking)	Run actions/checkout@v4	2025-08-29T18:08:33.2599358Z ##[debug]0
Quick smoke checks (non-blocking)	Run actions/checkout@v4	2025-08-29T18:08:33.2601458Z ##[debug]
Quick smoke checks (non-blocking)	Run actions/checkout@v4	2025-08-29T18:08:33.2603888Z Deleting the contents of '/home/runner/work/chronos/chronos'
Quick smoke checks (non-blocking)	Run actions/checkout@v4	2025-08-29T18:08:33.2608640Z ::group::Initializing the repository
Quick smoke checks (non-blocking)	Run actions/checkout@v4	2025-08-29T18:08:33.2610439Z ##[group]Initializing the repository
Quick smoke checks (non-blocking)	Run actions/checkout@v4	2025-08-29T18:08:33.2612655Z [command]/usr/bin/git init /home/runner/work/chronos/chronos
Quick smoke checks (non-blocking)	Run actions/checkout@v4	2025-08-29T18:08:33.2702637Z hint: Using 'master' as the name for the initial branch. This default branch name
Quick smoke checks (non-blocking)	Run actions/checkout@v4	2025-08-29T18:08:33.2705967Z hint: is subject to change. To configure the initial branch name to use in all
Quick smoke checks (non-blocking)	Run actions/checkout@v4	2025-08-29T18:08:33.2709425Z hint: of your new repositories, which will suppress this warning, call:
Quick smoke checks (non-blocking)	Run actions/checkout@v4	2025-08-29T18:08:33.2711706Z hint:
Quick smoke checks (non-blocking)	Run actions/checkout@v4	2025-08-29T18:08:33.2713243Z hint: 	git config --global init.defaultBranch <name>
Quick smoke checks (non-blocking)	Run actions/checkout@v4	2025-08-29T18:08:33.2715182Z hint:
Quick smoke checks (non-blocking)	Run actions/checkout@v4	2025-08-29T18:08:33.2717220Z hint: Names commonly chosen instead of 'master' are 'main', 'trunk' and
Quick smoke checks (non-blocking)	Run actions/checkout@v4	2025-08-29T18:08:33.2720340Z hint: 'development'. The just-created branch can be renamed via this command:
Quick smoke checks (non-blocking)	Run actions/checkout@v4	2025-08-29T18:08:33.2722746Z hint:
Quick smoke checks (non-blocking)	Run actions/checkout@v4	2025-08-29T18:08:33.2724338Z hint: 	git branch -m <name>
Quick smoke checks (non-blocking)	Run actions/checkout@v4	2025-08-29T18:08:33.2725738Z hint:
Quick smoke checks (non-blocking)	Run actions/checkout@v4	2025-08-29T18:08:33.2727837Z hint: Disable this message with "git config set advice.defaultBranchName false"
Quick smoke checks (non-blocking)	Run actions/checkout@v4	2025-08-29T18:08:33.2731176Z Initialized empty Git repository in /home/runner/work/chronos/chronos/.git/
Quick smoke checks (non-blocking)	Run actions/checkout@v4	2025-08-29T18:08:33.2734596Z ##[debug]0
Quick smoke checks (non-blocking)	Run actions/checkout@v4	2025-08-29T18:08:33.2737818Z ##[debug]Initialized empty Git repository in /home/runner/work/chronos/chronos/.git/
Quick smoke checks (non-blocking)	Run actions/checkout@v4	2025-08-29T18:08:33.2740386Z ##[debug]
Quick smoke checks (non-blocking)	Run actions/checkout@v4	2025-08-29T18:08:33.2742391Z [command]/usr/bin/git remote add origin https://github.com/jack2019-cb/chronos
Quick smoke checks (non-blocking)	Run actions/checkout@v4	2025-08-29T18:08:33.2757454Z ##[debug]0
Quick smoke checks (non-blocking)	Run actions/checkout@v4	2025-08-29T18:08:33.2761436Z ##[debug]
Quick smoke checks (non-blocking)	Run actions/checkout@v4	2025-08-29T18:08:33.2763559Z ::endgroup::
Quick smoke checks (non-blocking)	Run actions/checkout@v4	2025-08-29T18:08:33.2764827Z ##[endgroup]
Quick smoke checks (non-blocking)	Run actions/checkout@v4	2025-08-29T18:08:33.2767390Z ::group::Disabling automatic garbage collection
Quick smoke checks (non-blocking)	Run actions/checkout@v4	2025-08-29T18:08:33.2769503Z ##[group]Disabling automatic garbage collection
Quick smoke checks (non-blocking)	Run actions/checkout@v4	2025-08-29T18:08:33.2771645Z [command]/usr/bin/git config --local gc.auto 0
Quick smoke checks (non-blocking)	Run actions/checkout@v4	2025-08-29T18:08:33.2797083Z ##[debug]0
Quick smoke checks (non-blocking)	Run actions/checkout@v4	2025-08-29T18:08:33.2799181Z ##[debug]
Quick smoke checks (non-blocking)	Run actions/checkout@v4	2025-08-29T18:08:33.2801187Z ::endgroup::
Quick smoke checks (non-blocking)	Run actions/checkout@v4	2025-08-29T18:08:33.2802411Z ##[endgroup]
Quick smoke checks (non-blocking)	Run actions/checkout@v4	2025-08-29T18:08:33.2804427Z ::group::Setting up auth
Quick smoke checks (non-blocking)	Run actions/checkout@v4	2025-08-29T18:08:33.2805814Z ##[group]Setting up auth
Quick smoke checks (non-blocking)	Run actions/checkout@v4	2025-08-29T18:08:33.2808214Z [command]/usr/bin/git config --local --name-only --get-regexp core\.sshCommand
Quick smoke checks (non-blocking)	Run actions/checkout@v4	2025-08-29T18:08:33.2832104Z ##[debug]1
Quick smoke checks (non-blocking)	Run actions/checkout@v4	2025-08-29T18:08:33.2834202Z ##[debug]
Quick smoke checks (non-blocking)	Run actions/checkout@v4	2025-08-29T18:08:33.2839196Z [command]/usr/bin/git submodule foreach --recursive sh -c "git config --local --name-only --get-regexp 'core\.sshCommand' && git config --local --unset-all 'core.sshCommand' || :"
Quick smoke checks (non-blocking)	Run actions/checkout@v4	2025-08-29T18:08:33.3174351Z ##[debug]0
Quick smoke checks (non-blocking)	Run actions/checkout@v4	2025-08-29T18:08:33.3176337Z ##[debug]
Quick smoke checks (non-blocking)	Run actions/checkout@v4	2025-08-29T18:08:33.3181452Z [command]/usr/bin/git config --local --name-only --get-regexp http\.https\:\/\/github\.com\/\.extraheader
Quick smoke checks (non-blocking)	Run actions/checkout@v4	2025-08-29T18:08:33.3209828Z ##[debug]1
Quick smoke checks (non-blocking)	Run actions/checkout@v4	2025-08-29T18:08:33.3211896Z ##[debug]
Quick smoke checks (non-blocking)	Run actions/checkout@v4	2025-08-29T18:08:33.3216349Z [command]/usr/bin/git submodule foreach --recursive sh -c "git config --local --name-only --get-regexp 'http\.https\:\/\/github\.com\/\.extraheader' && git config --local --unset-all 'http.https://github.com/.extraheader' || :"
Quick smoke checks (non-blocking)	Run actions/checkout@v4	2025-08-29T18:08:33.3433880Z ##[debug]0
Quick smoke checks (non-blocking)	Run actions/checkout@v4	2025-08-29T18:08:33.3435968Z ##[debug]
Quick smoke checks (non-blocking)	Run actions/checkout@v4	2025-08-29T18:08:33.3442415Z [command]/usr/bin/git config --local http.https://github.com/.extraheader AUTHORIZATION: basic ***
Quick smoke checks (non-blocking)	Run actions/checkout@v4	2025-08-29T18:08:33.3470640Z ##[debug]0
Quick smoke checks (non-blocking)	Run actions/checkout@v4	2025-08-29T18:08:33.3471983Z ##[debug]
Quick smoke checks (non-blocking)	Run actions/checkout@v4	2025-08-29T18:08:33.3481416Z ::endgroup::
Quick smoke checks (non-blocking)	Run actions/checkout@v4	2025-08-29T18:08:33.3482560Z ##[endgroup]
Quick smoke checks (non-blocking)	Run actions/checkout@v4	2025-08-29T18:08:33.3483906Z ::group::Fetching the repository
Quick smoke checks (non-blocking)	Run actions/checkout@v4	2025-08-29T18:08:33.3484848Z ##[group]Fetching the repository
Quick smoke checks (non-blocking)	Run actions/checkout@v4	2025-08-29T18:08:33.3494906Z [command]/usr/bin/git -c protocol.version=2 fetch --no-tags --prune --no-recurse-submodules --depth=1 origin +3f1d9b0418782a3b14bb14b7098baa2e50d9a405:refs/remotes/pull/5/merge
Quick smoke checks (non-blocking)	Run actions/checkout@v4	2025-08-29T18:08:33.6149623Z From https://github.com/jack2019-cb/chronos
Quick smoke checks (non-blocking)	Run actions/checkout@v4	2025-08-29T18:08:33.6151200Z  * [new ref]         3f1d9b0418782a3b14bb14b7098baa2e50d9a405 -> pull/5/merge
Quick smoke checks (non-blocking)	Run actions/checkout@v4	2025-08-29T18:08:33.6180953Z ##[debug]0
Quick smoke checks (non-blocking)	Run actions/checkout@v4	2025-08-29T18:08:33.6182170Z ##[debug]
Quick smoke checks (non-blocking)	Run actions/checkout@v4	2025-08-29T18:08:33.6183588Z ::endgroup::
Quick smoke checks (non-blocking)	Run actions/checkout@v4	2025-08-29T18:08:33.6184318Z ##[endgroup]
Quick smoke checks (non-blocking)	Run actions/checkout@v4	2025-08-29T18:08:33.6185499Z ::group::Determining the checkout info
Quick smoke checks (non-blocking)	Run actions/checkout@v4	2025-08-29T18:08:33.6186484Z ##[group]Determining the checkout info
Quick smoke checks (non-blocking)	Run actions/checkout@v4	2025-08-29T18:08:33.6188213Z ::endgroup::
Quick smoke checks (non-blocking)	Run actions/checkout@v4	2025-08-29T18:08:33.6189207Z ##[endgroup]
Quick smoke checks (non-blocking)	Run actions/checkout@v4	2025-08-29T18:08:33.6190017Z [command]/usr/bin/git sparse-checkout disable
Quick smoke checks (non-blocking)	Run actions/checkout@v4	2025-08-29T18:08:33.6222424Z ##[debug]0
Quick smoke checks (non-blocking)	Run actions/checkout@v4	2025-08-29T18:08:33.6223560Z ##[debug]
Quick smoke checks (non-blocking)	Run actions/checkout@v4	2025-08-29T18:08:33.6226550Z [command]/usr/bin/git config --local --unset-all extensions.worktreeConfig
Quick smoke checks (non-blocking)	Run actions/checkout@v4	2025-08-29T18:08:33.6252595Z ##[debug]0
Quick smoke checks (non-blocking)	Run actions/checkout@v4	2025-08-29T18:08:33.6253742Z ##[debug]
Quick smoke checks (non-blocking)	Run actions/checkout@v4	2025-08-29T18:08:33.6254850Z ::group::Checking out the ref
Quick smoke checks (non-blocking)	Run actions/checkout@v4	2025-08-29T18:08:33.6255787Z ##[group]Checking out the ref
Quick smoke checks (non-blocking)	Run actions/checkout@v4	2025-08-29T18:08:33.6257583Z [command]/usr/bin/git checkout --progress --force refs/remotes/pull/5/merge
Quick smoke checks (non-blocking)	Run actions/checkout@v4	2025-08-29T18:08:33.6597840Z Note: switching to 'refs/remotes/pull/5/merge'.
Quick smoke checks (non-blocking)	Run actions/checkout@v4	2025-08-29T18:08:33.6599519Z 
Quick smoke checks (non-blocking)	Run actions/checkout@v4	2025-08-29T18:08:33.6600563Z You are in 'detached HEAD' state. You can look around, make experimental
Quick smoke checks (non-blocking)	Run actions/checkout@v4	2025-08-29T18:08:33.6603170Z changes and commit them, and you can discard any commits you make in this
Quick smoke checks (non-blocking)	Run actions/checkout@v4	2025-08-29T18:08:33.6605281Z state without impacting any branches by switching back to a branch.
Quick smoke checks (non-blocking)	Run actions/checkout@v4	2025-08-29T18:08:33.6606226Z 
Quick smoke checks (non-blocking)	Run actions/checkout@v4	2025-08-29T18:08:33.6607036Z If you want to create a new branch to retain commits you create, you may
Quick smoke checks (non-blocking)	Run actions/checkout@v4	2025-08-29T18:08:33.6609031Z do so (now or later) by using -c with the switch command. Example:
Quick smoke checks (non-blocking)	Run actions/checkout@v4	2025-08-29T18:08:33.6609892Z 
Quick smoke checks (non-blocking)	Run actions/checkout@v4	2025-08-29T18:08:33.6610232Z   git switch -c <new-branch-name>
Quick smoke checks (non-blocking)	Run actions/checkout@v4	2025-08-29T18:08:33.6610803Z 
Quick smoke checks (non-blocking)	Run actions/checkout@v4	2025-08-29T18:08:33.6611116Z Or undo this operation with:
Quick smoke checks (non-blocking)	Run actions/checkout@v4	2025-08-29T18:08:33.6611646Z 
Quick smoke checks (non-blocking)	Run actions/checkout@v4	2025-08-29T18:08:33.6611922Z   git switch -
Quick smoke checks (non-blocking)	Run actions/checkout@v4	2025-08-29T18:08:33.6612335Z 
Quick smoke checks (non-blocking)	Run actions/checkout@v4	2025-08-29T18:08:33.6613222Z Turn off this advice by setting config variable advice.detachedHead to false
Quick smoke checks (non-blocking)	Run actions/checkout@v4	2025-08-29T18:08:33.6614270Z 
Quick smoke checks (non-blocking)	Run actions/checkout@v4	2025-08-29T18:08:33.6615422Z HEAD is now at 3f1d9b0 Merge 6452c1b82bc8a29ba9576502b9ceb2bdf18c572f into fb08298036e48c2b4fe5607d727cbf4163d99372
Quick smoke checks (non-blocking)	Run actions/checkout@v4	2025-08-29T18:08:33.6617952Z ##[debug]0
Quick smoke checks (non-blocking)	Run actions/checkout@v4	2025-08-29T18:08:33.6618998Z ##[debug]
Quick smoke checks (non-blocking)	Run actions/checkout@v4	2025-08-29T18:08:33.6620037Z ::endgroup::
Quick smoke checks (non-blocking)	Run actions/checkout@v4	2025-08-29T18:08:33.6620667Z ##[endgroup]
Quick smoke checks (non-blocking)	Run actions/checkout@v4	2025-08-29T18:08:33.6644471Z ##[debug]0
Quick smoke checks (non-blocking)	Run actions/checkout@v4	2025-08-29T18:08:33.6645851Z ##[debug]commit 3f1d9b0418782a3b14bb14b7098baa2e50d9a405
Quick smoke checks (non-blocking)	Run actions/checkout@v4	2025-08-29T18:08:33.6647543Z ##[debug]Author: jack2019-cb <ms_jack2019-cb@yahoo.com>
Quick smoke checks (non-blocking)	Run actions/checkout@v4	2025-08-29T18:08:33.6649308Z ##[debug]Date:   Fri Aug 29 17:26:34 2025 +0000
Quick smoke checks (non-blocking)	Run actions/checkout@v4	2025-08-29T18:08:33.6650626Z ##[debug]
Quick smoke checks (non-blocking)	Run actions/checkout@v4	2025-08-29T18:08:33.6651957Z ##[debug]    Merge 6452c1b82bc8a29ba9576502b9ceb2bdf18c572f into fb08298036e48c2b4fe5607d727cbf4163d99372
Quick smoke checks (non-blocking)	Run actions/checkout@v4	2025-08-29T18:08:33.6653521Z ##[debug]
Quick smoke checks (non-blocking)	Run actions/checkout@v4	2025-08-29T18:08:33.6654260Z [command]/usr/bin/git log -1 --format=%H
Quick smoke checks (non-blocking)	Run actions/checkout@v4	2025-08-29T18:08:33.6669991Z 3f1d9b0418782a3b14bb14b7098baa2e50d9a405
Quick smoke checks (non-blocking)	Run actions/checkout@v4	2025-08-29T18:08:33.6675273Z ##[debug]0
Quick smoke checks (non-blocking)	Run actions/checkout@v4	2025-08-29T18:08:33.6676558Z ##[debug]3f1d9b0418782a3b14bb14b7098baa2e50d9a405
Quick smoke checks (non-blocking)	Run actions/checkout@v4	2025-08-29T18:08:33.6677778Z ##[debug]
Quick smoke checks (non-blocking)	Run actions/checkout@v4	2025-08-29T18:08:33.6680691Z ##[debug]Unsetting HOME override
Quick smoke checks (non-blocking)	Run actions/checkout@v4	2025-08-29T18:08:33.6689047Z ::remove-matcher owner=checkout-git::
Quick smoke checks (non-blocking)	Run actions/checkout@v4	2025-08-29T18:08:33.6700980Z ##[debug]Removed matchers: 'checkout-git'
Quick smoke checks (non-blocking)	Run actions/checkout@v4	2025-08-29T18:08:33.6753525Z ##[debug]Node Action run completed with exit code 0
Quick smoke checks (non-blocking)	Run actions/checkout@v4	2025-08-29T18:08:33.6789397Z ##[debug]Save intra-action state isPost = true
Quick smoke checks (non-blocking)	Run actions/checkout@v4	2025-08-29T18:08:33.6790723Z ##[debug]Save intra-action state setSafeDirectory = true
Quick smoke checks (non-blocking)	Run actions/checkout@v4	2025-08-29T18:08:33.6792482Z ##[debug]Save intra-action state repositoryPath = /home/runner/work/chronos/chronos
Quick smoke checks (non-blocking)	Run actions/checkout@v4	2025-08-29T18:08:33.6797715Z ##[debug]Set output commit = 3f1d9b0418782a3b14bb14b7098baa2e50d9a405
Quick smoke checks (non-blocking)	Run actions/checkout@v4	2025-08-29T18:08:33.6799393Z ##[debug]Set output ref = refs/pull/5/merge
Quick smoke checks (non-blocking)	Run actions/checkout@v4	2025-08-29T18:08:33.6805157Z ##[debug]Finishing: Run actions/checkout@v4
Quick smoke checks (non-blocking)	Setup Node (light)	﻿2025-08-29T18:08:33.6826581Z ##[debug]Evaluating condition for step: 'Setup Node (light)'
Quick smoke checks (non-blocking)	Setup Node (light)	2025-08-29T18:08:33.6830269Z ##[debug]Evaluating: success()
Quick smoke checks (non-blocking)	Setup Node (light)	2025-08-29T18:08:33.6831442Z ##[debug]Evaluating success:
Quick smoke checks (non-blocking)	Setup Node (light)	2025-08-29T18:08:33.6832551Z ##[debug]=> true
Quick smoke checks (non-blocking)	Setup Node (light)	2025-08-29T18:08:33.6833534Z ##[debug]Result: true
Quick smoke checks (non-blocking)	Setup Node (light)	2025-08-29T18:08:33.6834930Z ##[debug]Starting: Setup Node (light)
Quick smoke checks (non-blocking)	Setup Node (light)	2025-08-29T18:08:33.6880863Z ##[debug]Register post job cleanup for action: actions/setup-node@v4
Quick smoke checks (non-blocking)	Setup Node (light)	2025-08-29T18:08:33.6972517Z ##[debug]Loading inputs
Quick smoke checks (non-blocking)	Setup Node (light)	2025-08-29T18:08:33.7000474Z ##[debug]Evaluating: (((github.server_url == 'https://github.com') && github.token) || '')
Quick smoke checks (non-blocking)	Setup Node (light)	2025-08-29T18:08:33.7002015Z ##[debug]Evaluating Or:
Quick smoke checks (non-blocking)	Setup Node (light)	2025-08-29T18:08:33.7004287Z ##[debug]..Evaluating And:
Quick smoke checks (non-blocking)	Setup Node (light)	2025-08-29T18:08:33.7006579Z ##[debug]....Evaluating Equal:
Quick smoke checks (non-blocking)	Setup Node (light)	2025-08-29T18:08:33.7008622Z ##[debug]......Evaluating Index:
Quick smoke checks (non-blocking)	Setup Node (light)	2025-08-29T18:08:33.7009514Z ##[debug]........Evaluating github:
Quick smoke checks (non-blocking)	Setup Node (light)	2025-08-29T18:08:33.7010425Z ##[debug]........=> Object
Quick smoke checks (non-blocking)	Setup Node (light)	2025-08-29T18:08:33.7011241Z ##[debug]........Evaluating String:
Quick smoke checks (non-blocking)	Setup Node (light)	2025-08-29T18:08:33.7012174Z ##[debug]........=> 'server_url'
Quick smoke checks (non-blocking)	Setup Node (light)	2025-08-29T18:08:33.7013130Z ##[debug]......=> 'https://github.com'
Quick smoke checks (non-blocking)	Setup Node (light)	2025-08-29T18:08:33.7014308Z ##[debug]......Evaluating String:
Quick smoke checks (non-blocking)	Setup Node (light)	2025-08-29T18:08:33.7015212Z ##[debug]......=> 'https://github.com'
Quick smoke checks (non-blocking)	Setup Node (light)	2025-08-29T18:08:33.7019032Z ##[debug]....=> true
Quick smoke checks (non-blocking)	Setup Node (light)	2025-08-29T18:08:33.7020010Z ##[debug]....Evaluating Index:
Quick smoke checks (non-blocking)	Setup Node (light)	2025-08-29T18:08:33.7020871Z ##[debug]......Evaluating github:
Quick smoke checks (non-blocking)	Setup Node (light)	2025-08-29T18:08:33.7021727Z ##[debug]......=> Object
Quick smoke checks (non-blocking)	Setup Node (light)	2025-08-29T18:08:33.7022516Z ##[debug]......Evaluating String:
Quick smoke checks (non-blocking)	Setup Node (light)	2025-08-29T18:08:33.7023356Z ##[debug]......=> 'token'
Quick smoke checks (non-blocking)	Setup Node (light)	2025-08-29T18:08:33.7024500Z ##[debug]....=> '***'
Quick smoke checks (non-blocking)	Setup Node (light)	2025-08-29T18:08:33.7025482Z ##[debug]..=> '***'
Quick smoke checks (non-blocking)	Setup Node (light)	2025-08-29T18:08:33.7027302Z ##[debug]=> '***'
Quick smoke checks (non-blocking)	Setup Node (light)	2025-08-29T18:08:33.7033167Z ##[debug]Expanded: ((('https://github.com' == 'https://github.com') && '***') || '')
Quick smoke checks (non-blocking)	Setup Node (light)	2025-08-29T18:08:33.7034837Z ##[debug]Result: '***'
Quick smoke checks (non-blocking)	Setup Node (light)	2025-08-29T18:08:33.7040423Z ##[debug]Loading env
Quick smoke checks (non-blocking)	Setup Node (light)	2025-08-29T18:08:33.7053688Z ##[group]Run actions/setup-node@v4
Quick smoke checks (non-blocking)	Setup Node (light)	2025-08-29T18:08:33.7054583Z with:
Quick smoke checks (non-blocking)	Setup Node (light)	2025-08-29T18:08:33.7055208Z   node-version: 20
Quick smoke checks (non-blocking)	Setup Node (light)	2025-08-29T18:08:33.7055908Z   always-auth: false
Quick smoke checks (non-blocking)	Setup Node (light)	2025-08-29T18:08:33.7056738Z   check-latest: false
Quick smoke checks (non-blocking)	Setup Node (light)	2025-08-29T18:08:33.7057691Z   token: ***
Quick smoke checks (non-blocking)	Setup Node (light)	2025-08-29T18:08:33.7058330Z ##[endgroup]
Quick smoke checks (non-blocking)	Setup Node (light)	2025-08-29T18:08:33.8747495Z ##[debug]isExplicit: 
Quick smoke checks (non-blocking)	Setup Node (light)	2025-08-29T18:08:33.8749440Z ##[debug]explicit? false
Quick smoke checks (non-blocking)	Setup Node (light)	2025-08-29T18:08:33.8817187Z ##[debug]isExplicit: 18.20.8
Quick smoke checks (non-blocking)	Setup Node (light)	2025-08-29T18:08:33.8818746Z ##[debug]explicit? true
Quick smoke checks (non-blocking)	Setup Node (light)	2025-08-29T18:08:33.8988237Z ##[debug]isExplicit: 20.19.4
Quick smoke checks (non-blocking)	Setup Node (light)	2025-08-29T18:08:33.8990005Z ##[debug]explicit? true
Quick smoke checks (non-blocking)	Setup Node (light)	2025-08-29T18:08:33.9101689Z ##[debug]isExplicit: 22.18.0
Quick smoke checks (non-blocking)	Setup Node (light)	2025-08-29T18:08:33.9103357Z ##[debug]explicit? true
Quick smoke checks (non-blocking)	Setup Node (light)	2025-08-29T18:08:33.9165114Z ##[debug]evaluating 3 versions
Quick smoke checks (non-blocking)	Setup Node (light)	2025-08-29T18:08:33.9190494Z ##[debug]matched: 20.19.4
Quick smoke checks (non-blocking)	Setup Node (light)	2025-08-29T18:08:33.9193189Z ##[debug]checking cache: /opt/hostedtoolcache/node/20.19.4/x64
Quick smoke checks (non-blocking)	Setup Node (light)	2025-08-29T18:08:33.9196073Z ##[debug]Found tool in cache node 20.19.4 x64
Quick smoke checks (non-blocking)	Setup Node (light)	2025-08-29T18:08:33.9199975Z Found in cache @ /opt/hostedtoolcache/node/20.19.4/x64
Quick smoke checks (non-blocking)	Setup Node (light)	2025-08-29T18:08:33.9201897Z ::group::Environment details
Quick smoke checks (non-blocking)	Setup Node (light)	2025-08-29T18:08:33.9202868Z ##[group]Environment details
Quick smoke checks (non-blocking)	Setup Node (light)	2025-08-29T18:08:37.4185470Z node: v20.19.4
Quick smoke checks (non-blocking)	Setup Node (light)	2025-08-29T18:08:37.4186025Z npm: 10.8.2
Quick smoke checks (non-blocking)	Setup Node (light)	2025-08-29T18:08:37.4186381Z yarn: 1.22.22
Quick smoke checks (non-blocking)	Setup Node (light)	2025-08-29T18:08:37.4187958Z ::endgroup::
Quick smoke checks (non-blocking)	Setup Node (light)	2025-08-29T18:08:37.4188380Z ##[endgroup]
Quick smoke checks (non-blocking)	Setup Node (light)	2025-08-29T18:08:37.4194923Z ##[add-matcher]/home/runner/work/_actions/actions/setup-node/v4/.github/tsc.json
Quick smoke checks (non-blocking)	Setup Node (light)	2025-08-29T18:08:37.4215410Z ##[debug]Added matchers: 'tsc'. Problem matchers scan action output for known warning or error strings and report these inline.
Quick smoke checks (non-blocking)	Setup Node (light)	2025-08-29T18:08:37.4216418Z ##[add-matcher]/home/runner/work/_actions/actions/setup-node/v4/.github/eslint-stylish.json
Quick smoke checks (non-blocking)	Setup Node (light)	2025-08-29T18:08:37.4224966Z ##[debug]Added matchers: 'eslint-stylish'. Problem matchers scan action output for known warning or error strings and report these inline.
Quick smoke checks (non-blocking)	Setup Node (light)	2025-08-29T18:08:37.4226497Z ##[add-matcher]/home/runner/work/_actions/actions/setup-node/v4/.github/eslint-compact.json
Quick smoke checks (non-blocking)	Setup Node (light)	2025-08-29T18:08:37.4230471Z ##[debug]Added matchers: 'eslint-compact'. Problem matchers scan action output for known warning or error strings and report these inline.
Quick smoke checks (non-blocking)	Setup Node (light)	2025-08-29T18:08:37.4248788Z ##[debug]Node Action run completed with exit code 0
Quick smoke checks (non-blocking)	Setup Node (light)	2025-08-29T18:08:37.4251708Z ##[debug]Set output node-version = v20.19.4
Quick smoke checks (non-blocking)	Setup Node (light)	2025-08-29T18:08:37.4252521Z ##[debug]Finishing: Setup Node (light)
Quick smoke checks (non-blocking)	Install server deps (fast)	﻿2025-08-29T18:08:37.4260395Z ##[debug]Evaluating condition for step: 'Install server deps (fast)'
Quick smoke checks (non-blocking)	Install server deps (fast)	2025-08-29T18:08:37.4262949Z ##[debug]Evaluating: success()
Quick smoke checks (non-blocking)	Install server deps (fast)	2025-08-29T18:08:37.4263374Z ##[debug]Evaluating success:
Quick smoke checks (non-blocking)	Install server deps (fast)	2025-08-29T18:08:37.4263957Z ##[debug]=> true
Quick smoke checks (non-blocking)	Install server deps (fast)	2025-08-29T18:08:37.4264446Z ##[debug]Result: true
Quick smoke checks (non-blocking)	Install server deps (fast)	2025-08-29T18:08:37.4265164Z ##[debug]Starting: Install server deps (fast)
Quick smoke checks (non-blocking)	Install server deps (fast)	2025-08-29T18:08:37.4284233Z ##[debug]Loading inputs
Quick smoke checks (non-blocking)	Install server deps (fast)	2025-08-29T18:08:37.4285569Z ##[debug]Loading env
Quick smoke checks (non-blocking)	Install server deps (fast)	2025-08-29T18:08:37.4301073Z ##[group]Run export PUPPETEER_SKIP_CHROMIUM_DOWNLOAD=1
Quick smoke checks (non-blocking)	Install server deps (fast)	2025-08-29T18:08:37.4301549Z [36;1mexport PUPPETEER_SKIP_CHROMIUM_DOWNLOAD=1[0m
Quick smoke checks (non-blocking)	Install server deps (fast)	2025-08-29T18:08:37.4301902Z [36;1mnpm ci --ignore-scripts[0m
Quick smoke checks (non-blocking)	Install server deps (fast)	2025-08-29T18:08:37.4362684Z shell: /usr/bin/bash -e {0}
Quick smoke checks (non-blocking)	Install server deps (fast)	2025-08-29T18:08:37.4362999Z ##[endgroup]
Quick smoke checks (non-blocking)	Install server deps (fast)	2025-08-29T18:08:37.4414331Z ##[debug]/usr/bin/bash -e /home/runner/work/_temp/ac72c949-d74f-45ff-9b86-e6b5e8b8497a.sh
Quick smoke checks (non-blocking)	Install server deps (fast)	2025-08-29T18:08:44.3648133Z npm warn deprecated node-domexception@1.0.0: Use your platform's native DOMException instead
Quick smoke checks (non-blocking)	Install server deps (fast)	2025-08-29T18:08:49.3567266Z 
Quick smoke checks (non-blocking)	Install server deps (fast)	2025-08-29T18:08:49.3568523Z added 488 packages, and audited 489 packages in 12s
Quick smoke checks (non-blocking)	Install server deps (fast)	2025-08-29T18:08:49.3569464Z 
Quick smoke checks (non-blocking)	Install server deps (fast)	2025-08-29T18:08:49.3570078Z 84 packages are looking for funding
Quick smoke checks (non-blocking)	Install server deps (fast)	2025-08-29T18:08:49.3570887Z   run `npm fund` for details
Quick smoke checks (non-blocking)	Install server deps (fast)	2025-08-29T18:08:49.3580072Z 
Quick smoke checks (non-blocking)	Install server deps (fast)	2025-08-29T18:08:49.3581035Z found 0 vulnerabilities
Quick smoke checks (non-blocking)	Install server deps (fast)	2025-08-29T18:08:49.3997336Z ##[debug]Finishing: Install server deps (fast)
Quick smoke checks (non-blocking)	Start server in background	﻿2025-08-29T18:08:49.4007603Z ##[debug]Evaluating condition for step: 'Start server in background'
Quick smoke checks (non-blocking)	Start server in background	2025-08-29T18:08:49.4010630Z ##[debug]Evaluating: success()
Quick smoke checks (non-blocking)	Start server in background	2025-08-29T18:08:49.4011280Z ##[debug]Evaluating success:
Quick smoke checks (non-blocking)	Start server in background	2025-08-29T18:08:49.4011802Z ##[debug]=> true
Quick smoke checks (non-blocking)	Start server in background	2025-08-29T18:08:49.4012200Z ##[debug]Result: true
Quick smoke checks (non-blocking)	Start server in background	2025-08-29T18:08:49.4013069Z ##[debug]Starting: Start server in background
Quick smoke checks (non-blocking)	Start server in background	2025-08-29T18:08:49.4022236Z ##[debug]Loading inputs
Quick smoke checks (non-blocking)	Start server in background	2025-08-29T18:08:49.4023265Z ##[debug]Loading env
Quick smoke checks (non-blocking)	Start server in background	2025-08-29T18:08:49.4032105Z ##[group]Run nohup sh -c "PUPPETEER_SKIP_CHROMIUM_DOWNLOAD=1 node index.js" > /tmp/server.log 2>&1 &
Quick smoke checks (non-blocking)	Start server in background	2025-08-29T18:08:49.4033120Z [36;1mnohup sh -c "PUPPETEER_SKIP_CHROMIUM_DOWNLOAD=1 node index.js" > /tmp/server.log 2>&1 &[0m
Quick smoke checks (non-blocking)	Start server in background	2025-08-29T18:08:49.4033795Z [36;1msleep 2[0m
Quick smoke checks (non-blocking)	Start server in background	2025-08-29T18:08:49.4072636Z shell: /usr/bin/bash -e {0}
Quick smoke checks (non-blocking)	Start server in background	2025-08-29T18:08:49.4072997Z ##[endgroup]
Quick smoke checks (non-blocking)	Start server in background	2025-08-29T18:08:49.4112861Z ##[debug]/usr/bin/bash -e /home/runner/work/_temp/680409fc-142b-48b3-944f-c1c3f466b442.sh
Quick smoke checks (non-blocking)	Start server in background	2025-08-29T18:08:51.4163740Z ##[debug]Finishing: Start server in background
Quick smoke checks (non-blocking)	Check /health endpoint	﻿2025-08-29T18:08:51.4172742Z ##[debug]Evaluating condition for step: 'Check /health endpoint'
Quick smoke checks (non-blocking)	Check /health endpoint	2025-08-29T18:08:51.4174467Z ##[debug]Evaluating: success()
Quick smoke checks (non-blocking)	Check /health endpoint	2025-08-29T18:08:51.4174890Z ##[debug]Evaluating success:
Quick smoke checks (non-blocking)	Check /health endpoint	2025-08-29T18:08:51.4175371Z ##[debug]=> true
Quick smoke checks (non-blocking)	Check /health endpoint	2025-08-29T18:08:51.4175740Z ##[debug]Result: true
Quick smoke checks (non-blocking)	Check /health endpoint	2025-08-29T18:08:51.4176336Z ##[debug]Starting: Check /health endpoint
Quick smoke checks (non-blocking)	Check /health endpoint	2025-08-29T18:08:51.4184993Z ##[debug]Loading inputs
Quick smoke checks (non-blocking)	Check /health endpoint	2025-08-29T18:08:51.4185882Z ##[debug]Loading env
Quick smoke checks (non-blocking)	Check /health endpoint	2025-08-29T18:08:51.4189573Z ##[group]Run set -e
Quick smoke checks (non-blocking)	Check /health endpoint	2025-08-29T18:08:51.4189781Z [36;1mset -e[0m
Quick smoke checks (non-blocking)	Check /health endpoint	2025-08-29T18:08:51.4189986Z [36;1mecho "Checking server health..."[0m
Quick smoke checks (non-blocking)	Check /health endpoint	2025-08-29T18:08:51.4190312Z [36;1mif ! curl -fsS http://localhost:3000/health; then[0m
Quick smoke checks (non-blocking)	Check /health endpoint	2025-08-29T18:08:51.4190650Z [36;1m  echo "Health check failed (non-blocking)" ; exit 0[0m
Quick smoke checks (non-blocking)	Check /health endpoint	2025-08-29T18:08:51.4190925Z [36;1mfi[0m
Quick smoke checks (non-blocking)	Check /health endpoint	2025-08-29T18:08:51.4191094Z [36;1mecho "Health OK"[0m
Quick smoke checks (non-blocking)	Check /health endpoint	2025-08-29T18:08:51.4220390Z shell: /usr/bin/bash -e {0}
Quick smoke checks (non-blocking)	Check /health endpoint	2025-08-29T18:08:51.4220618Z ##[endgroup]
Quick smoke checks (non-blocking)	Check /health endpoint	2025-08-29T18:08:51.4249920Z ##[debug]/usr/bin/bash -e /home/runner/work/_temp/9aed850b-a1b7-4387-9a77-0daee0361801.sh
Quick smoke checks (non-blocking)	Check /health endpoint	2025-08-29T18:08:51.4269545Z Checking server health...
Quick smoke checks (non-blocking)	Check /health endpoint	2025-08-29T18:08:51.4332934Z curl: (7) Failed to connect to localhost port 3000 after 0 ms: Couldn't connect to server
Quick smoke checks (non-blocking)	Check /health endpoint	2025-08-29T18:08:51.4340432Z Health check failed (non-blocking)
Quick smoke checks (non-blocking)	Check /health endpoint	2025-08-29T18:08:51.4345061Z ##[debug]Finishing: Check /health endpoint
Quick smoke checks (non-blocking)	Optional quick export (allowed to fail)	﻿2025-08-29T18:08:51.4352278Z ##[debug]Evaluating condition for step: 'Optional quick export (allowed to fail)'
Quick smoke checks (non-blocking)	Optional quick export (allowed to fail)	2025-08-29T18:08:51.4353613Z ##[debug]Evaluating: success()
Quick smoke checks (non-blocking)	Optional quick export (allowed to fail)	2025-08-29T18:08:51.4353991Z ##[debug]Evaluating success:
Quick smoke checks (non-blocking)	Optional quick export (allowed to fail)	2025-08-29T18:08:51.4354417Z ##[debug]=> true
Quick smoke checks (non-blocking)	Optional quick export (allowed to fail)	2025-08-29T18:08:51.4354757Z ##[debug]Result: true
Quick smoke checks (non-blocking)	Optional quick export (allowed to fail)	2025-08-29T18:08:51.4355321Z ##[debug]Starting: Optional quick export (allowed to fail)
Quick smoke checks (non-blocking)	Optional quick export (allowed to fail)	2025-08-29T18:08:51.4363653Z ##[debug]Loading inputs
Quick smoke checks (non-blocking)	Optional quick export (allowed to fail)	2025-08-29T18:08:51.4364537Z ##[debug]Loading env
Quick smoke checks (non-blocking)	Optional quick export (allowed to fail)	2025-08-29T18:08:51.4368229Z ##[group]Run # Try a very small in-process export if possible; allowed to fail in PRs
Quick smoke checks (non-blocking)	Optional quick export (allowed to fail)	2025-08-29T18:08:51.4368751Z [36;1m# Try a very small in-process export if possible; allowed to fail in PRs[0m
Quick smoke checks (non-blocking)	Optional quick export (allowed to fail)	2025-08-29T18:08:51.4369140Z [36;1mexport PUPPETEER_SKIP_CHROMIUM_DOWNLOAD=1[0m
Quick smoke checks (non-blocking)	Optional quick export (allowed to fail)	2025-08-29T18:08:51.4369648Z [36;1mexport CHROME_PATH=/usr/bin/chromium-browser || true[0m
Quick smoke checks (non-blocking)	Optional quick export (allowed to fail)	2025-08-29T18:08:51.4369952Z [36;1mnpm run smoke:export || true[0m
Quick smoke checks (non-blocking)	Optional quick export (allowed to fail)	2025-08-29T18:08:51.4396224Z shell: /usr/bin/bash -e {0}
Quick smoke checks (non-blocking)	Optional quick export (allowed to fail)	2025-08-29T18:08:51.4396486Z ##[endgroup]
Quick smoke checks (non-blocking)	Optional quick export (allowed to fail)	2025-08-29T18:08:51.4425574Z ##[debug]/usr/bin/bash -e /home/runner/work/_temp/d76ce6a4-347f-4ce6-9450-8eeea89db845.sh
Quick smoke checks (non-blocking)	Optional quick export (allowed to fail)	2025-08-29T18:08:51.5560384Z 
Quick smoke checks (non-blocking)	Optional quick export (allowed to fail)	2025-08-29T18:08:51.5561018Z > server@1.0.0 smoke:export
Quick smoke checks (non-blocking)	Optional quick export (allowed to fail)	2025-08-29T18:08:51.5561699Z > ./scripts/run_smoke_export.sh
Quick smoke checks (non-blocking)	Optional quick export (allowed to fail)	2025-08-29T18:08:51.5562061Z 
Quick smoke checks (non-blocking)	Optional quick export (allowed to fail)	2025-08-29T18:08:51.7060858Z Using Chrome at /usr/bin/chromium-browser
Quick smoke checks (non-blocking)	Optional quick export (allowed to fail)	2025-08-29T18:09:28.7565784Z E2E run failed: Error: net::ERR_CONNECTION_REFUSED at http://localhost:5173
Quick smoke checks (non-blocking)	Optional quick export (allowed to fail)	2025-08-29T18:09:28.7567608Z     at navigate (/home/runner/work/chronos/chronos/server/node_modules/puppeteer-core/lib/cjs/puppeteer/cdp/Frame.js:184:27)
Quick smoke checks (non-blocking)	Optional quick export (allowed to fail)	2025-08-29T18:09:28.7613694Z     at async Deferred.race (/home/runner/work/chronos/chronos/server/node_modules/puppeteer-core/lib/cjs/puppeteer/util/Deferred.js:36:20)
Quick smoke checks (non-blocking)	Optional quick export (allowed to fail)	2025-08-29T18:09:28.7617912Z     at async CdpFrame.goto (/home/runner/work/chronos/chronos/server/node_modules/puppeteer-core/lib/cjs/puppeteer/cdp/Frame.js:150:25)
Quick smoke checks (non-blocking)	Optional quick export (allowed to fail)	2025-08-29T18:09:28.7619596Z     at async CdpPage.goto (/home/runner/work/chronos/chronos/server/node_modules/puppeteer-core/lib/cjs/puppeteer/api/Page.js:574:20)
Quick smoke checks (non-blocking)	Optional quick export (allowed to fail)	2025-08-29T18:09:28.7620948Z     at async /home/runner/work/chronos/chronos/server/scripts/e2e-smoke.js:25:5
Quick smoke checks (non-blocking)	Optional quick export (allowed to fail)	2025-08-29T18:09:28.7817419Z ##[debug]Finishing: Optional quick export (allowed to fail)
Quick smoke checks (non-blocking)	Upload quick smoke logs	﻿2025-08-29T18:09:28.7825856Z ##[debug]Evaluating condition for step: 'Upload quick smoke logs'
Quick smoke checks (non-blocking)	Upload quick smoke logs	2025-08-29T18:09:28.7828677Z ##[debug]Evaluating: always()
Quick smoke checks (non-blocking)	Upload quick smoke logs	2025-08-29T18:09:28.7829048Z ##[debug]Evaluating always:
Quick smoke checks (non-blocking)	Upload quick smoke logs	2025-08-29T18:09:28.7829780Z ##[debug]=> true
Quick smoke checks (non-blocking)	Upload quick smoke logs	2025-08-29T18:09:28.7830158Z ##[debug]Result: true
Quick smoke checks (non-blocking)	Upload quick smoke logs	2025-08-29T18:09:28.7830730Z ##[debug]Starting: Upload quick smoke logs
Quick smoke checks (non-blocking)	Upload quick smoke logs	2025-08-29T18:09:28.7870143Z ##[debug]Loading inputs
Quick smoke checks (non-blocking)	Upload quick smoke logs	2025-08-29T18:09:28.7873364Z ##[debug]Loading env
Quick smoke checks (non-blocking)	Upload quick smoke logs	2025-08-29T18:09:28.7877177Z ##[group]Run actions/upload-artifact@v4
Quick smoke checks (non-blocking)	Upload quick smoke logs	2025-08-29T18:09:28.7877424Z with:
Quick smoke checks (non-blocking)	Upload quick smoke logs	2025-08-29T18:09:28.7877597Z   name: quick-smoke-logs
Quick smoke checks (non-blocking)	Upload quick smoke logs	2025-08-29T18:09:28.7877795Z   path: server/logs/**
Quick smoke checks (non-blocking)	Upload quick smoke logs	2025-08-29T18:09:28.7877997Z   if-no-files-found: warn
Quick smoke checks (non-blocking)	Upload quick smoke logs	2025-08-29T18:09:28.7878202Z   compression-level: 6
Quick smoke checks (non-blocking)	Upload quick smoke logs	2025-08-29T18:09:28.7878397Z   overwrite: false
Quick smoke checks (non-blocking)	Upload quick smoke logs	2025-08-29T18:09:28.7878583Z   include-hidden-files: false
Quick smoke checks (non-blocking)	Upload quick smoke logs	2025-08-29T18:09:28.7878795Z ##[endgroup]
Quick smoke checks (non-blocking)	Upload quick smoke logs	2025-08-29T18:09:29.0019814Z ##[debug]followSymbolicLinks 'true'
Quick smoke checks (non-blocking)	Upload quick smoke logs	2025-08-29T18:09:29.0021838Z ##[debug]implicitDescendants 'true'
Quick smoke checks (non-blocking)	Upload quick smoke logs	2025-08-29T18:09:29.0022691Z ##[debug]omitBrokenSymbolicLinks 'true'
Quick smoke checks (non-blocking)	Upload quick smoke logs	2025-08-29T18:09:29.0023438Z ##[debug]excludeHiddenFiles 'true'
Quick smoke checks (non-blocking)	Upload quick smoke logs	2025-08-29T18:09:29.0045432Z ##[debug]followSymbolicLinks 'true'
Quick smoke checks (non-blocking)	Upload quick smoke logs	2025-08-29T18:09:29.0046180Z ##[debug]implicitDescendants 'true'
Quick smoke checks (non-blocking)	Upload quick smoke logs	2025-08-29T18:09:29.0047159Z ##[debug]matchDirectories 'true'
Quick smoke checks (non-blocking)	Upload quick smoke logs	2025-08-29T18:09:29.0047853Z ##[debug]omitBrokenSymbolicLinks 'true'
Quick smoke checks (non-blocking)	Upload quick smoke logs	2025-08-29T18:09:29.0048544Z ##[debug]excludeHiddenFiles 'true'
Quick smoke checks (non-blocking)	Upload quick smoke logs	2025-08-29T18:09:29.0049320Z ##[debug]Search path '/home/runner/work/chronos/chronos/server/logs'
Quick smoke checks (non-blocking)	Upload quick smoke logs	2025-08-29T18:09:29.0077302Z ##[warning]No files were found with the provided path: server/logs/**. No artifacts will be uploaded.
Quick smoke checks (non-blocking)	Upload quick smoke logs	2025-08-29T18:09:29.0155616Z ##[debug]Node Action run completed with exit code 0
Quick smoke checks (non-blocking)	Upload quick smoke logs	2025-08-29T18:09:29.0158212Z ##[debug]Finishing: Upload quick smoke logs
Quick smoke checks (non-blocking)	Post Setup Node (light)	﻿2025-08-29T18:09:29.0177587Z ##[debug]Evaluating condition for step: 'Post Setup Node (light)'
Quick smoke checks (non-blocking)	Post Setup Node (light)	2025-08-29T18:09:29.0179438Z ##[debug]Evaluating: success()
Quick smoke checks (non-blocking)	Post Setup Node (light)	2025-08-29T18:09:29.0179803Z ##[debug]Evaluating success:
Quick smoke checks (non-blocking)	Post Setup Node (light)	2025-08-29T18:09:29.0180175Z ##[debug]=> true
Quick smoke checks (non-blocking)	Post Setup Node (light)	2025-08-29T18:09:29.0180474Z ##[debug]Result: true
Quick smoke checks (non-blocking)	Post Setup Node (light)	2025-08-29T18:09:29.0181060Z ##[debug]Starting: Post Setup Node (light)
Quick smoke checks (non-blocking)	Post Setup Node (light)	2025-08-29T18:09:29.0205844Z ##[debug]Loading inputs
Quick smoke checks (non-blocking)	Post Setup Node (light)	2025-08-29T18:09:29.0210925Z ##[debug]Evaluating: (((github.server_url == 'https://github.com') && github.token) || '')
Quick smoke checks (non-blocking)	Post Setup Node (light)	2025-08-29T18:09:29.0211609Z ##[debug]Evaluating Or:
Quick smoke checks (non-blocking)	Post Setup Node (light)	2025-08-29T18:09:29.0232804Z ##[debug]..Evaluating And:
Quick smoke checks (non-blocking)	Post Setup Node (light)	2025-08-29T18:09:29.0233341Z ##[debug]....Evaluating Equal:
Quick smoke checks (non-blocking)	Post Setup Node (light)	2025-08-29T18:09:29.0233737Z ##[debug]......Evaluating Index:
Quick smoke checks (non-blocking)	Post Setup Node (light)	2025-08-29T18:09:29.0234085Z ##[debug]........Evaluating github:
Quick smoke checks (non-blocking)	Post Setup Node (light)	2025-08-29T18:09:29.0234614Z ##[debug]........=> Object
Quick smoke checks (non-blocking)	Post Setup Node (light)	2025-08-29T18:09:29.0234891Z ##[debug]........Evaluating String:
Quick smoke checks (non-blocking)	Post Setup Node (light)	2025-08-29T18:09:29.0235164Z ##[debug]........=> 'server_url'
Quick smoke checks (non-blocking)	Post Setup Node (light)	2025-08-29T18:09:29.0235523Z ##[debug]......=> 'https://github.com'
Quick smoke checks (non-blocking)	Post Setup Node (light)	2025-08-29T18:09:29.0235800Z ##[debug]......Evaluating String:
Quick smoke checks (non-blocking)	Post Setup Node (light)	2025-08-29T18:09:29.0236060Z ##[debug]......=> 'https://github.com'
Quick smoke checks (non-blocking)	Post Setup Node (light)	2025-08-29T18:09:29.0236306Z ##[debug]....=> true
Quick smoke checks (non-blocking)	Post Setup Node (light)	2025-08-29T18:09:29.0236517Z ##[debug]....Evaluating Index:
Quick smoke checks (non-blocking)	Post Setup Node (light)	2025-08-29T18:09:29.0237018Z ##[debug]......Evaluating github:
Quick smoke checks (non-blocking)	Post Setup Node (light)	2025-08-29T18:09:29.0237270Z ##[debug]......=> Object
Quick smoke checks (non-blocking)	Post Setup Node (light)	2025-08-29T18:09:29.0237493Z ##[debug]......Evaluating String:
Quick smoke checks (non-blocking)	Post Setup Node (light)	2025-08-29T18:09:29.0237716Z ##[debug]......=> 'token'
Quick smoke checks (non-blocking)	Post Setup Node (light)	2025-08-29T18:09:29.0238348Z ##[debug]....=> '***'
Quick smoke checks (non-blocking)	Post Setup Node (light)	2025-08-29T18:09:29.0238701Z ##[debug]..=> '***'
Quick smoke checks (non-blocking)	Post Setup Node (light)	2025-08-29T18:09:29.0238977Z ##[debug]=> '***'
Quick smoke checks (non-blocking)	Post Setup Node (light)	2025-08-29T18:09:29.0239518Z ##[debug]Expanded: ((('https://github.com' == 'https://github.com') && '***') || '')
Quick smoke checks (non-blocking)	Post Setup Node (light)	2025-08-29T18:09:29.0239991Z ##[debug]Result: '***'
Quick smoke checks (non-blocking)	Post Setup Node (light)	2025-08-29T18:09:29.0242174Z ##[debug]Loading env
Quick smoke checks (non-blocking)	Post Setup Node (light)	2025-08-29T18:09:29.0247349Z Post job cleanup.
Quick smoke checks (non-blocking)	Post Setup Node (light)	2025-08-29T18:09:29.1784435Z ##[debug]Caching for '' is not supported
Quick smoke checks (non-blocking)	Post Setup Node (light)	2025-08-29T18:09:29.1850045Z ##[debug]Node Action run completed with exit code 0
Quick smoke checks (non-blocking)	Post Setup Node (light)	2025-08-29T18:09:29.1852291Z ##[debug]Finishing: Post Setup Node (light)
Quick smoke checks (non-blocking)	Post Run actions/checkout@v4	﻿2025-08-29T18:09:29.1859224Z ##[debug]Evaluating condition for step: 'Post Run actions/checkout@v4'
Quick smoke checks (non-blocking)	Post Run actions/checkout@v4	2025-08-29T18:09:29.1860699Z ##[debug]Evaluating: always()
Quick smoke checks (non-blocking)	Post Run actions/checkout@v4	2025-08-29T18:09:29.1861034Z ##[debug]Evaluating always:
Quick smoke checks (non-blocking)	Post Run actions/checkout@v4	2025-08-29T18:09:29.1861353Z ##[debug]=> true
Quick smoke checks (non-blocking)	Post Run actions/checkout@v4	2025-08-29T18:09:29.1861663Z ##[debug]Result: true
Quick smoke checks (non-blocking)	Post Run actions/checkout@v4	2025-08-29T18:09:29.1862179Z ##[debug]Starting: Post Run actions/checkout@v4
Quick smoke checks (non-blocking)	Post Run actions/checkout@v4	2025-08-29T18:09:29.1893101Z ##[debug]Loading inputs
Quick smoke checks (non-blocking)	Post Run actions/checkout@v4	2025-08-29T18:09:29.1894116Z ##[debug]Evaluating: github.repository
Quick smoke checks (non-blocking)	Post Run actions/checkout@v4	2025-08-29T18:09:29.1894418Z ##[debug]Evaluating Index:
Quick smoke checks (non-blocking)	Post Run actions/checkout@v4	2025-08-29T18:09:29.1894657Z ##[debug]..Evaluating github:
Quick smoke checks (non-blocking)	Post Run actions/checkout@v4	2025-08-29T18:09:29.1894913Z ##[debug]..=> Object
Quick smoke checks (non-blocking)	Post Run actions/checkout@v4	2025-08-29T18:09:29.1895167Z ##[debug]..Evaluating String:
Quick smoke checks (non-blocking)	Post Run actions/checkout@v4	2025-08-29T18:09:29.1895421Z ##[debug]..=> 'repository'
Quick smoke checks (non-blocking)	Post Run actions/checkout@v4	2025-08-29T18:09:29.1895695Z ##[debug]=> 'jack2019-cb/chronos'
Quick smoke checks (non-blocking)	Post Run actions/checkout@v4	2025-08-29T18:09:29.1895957Z ##[debug]Result: 'jack2019-cb/chronos'
Quick smoke checks (non-blocking)	Post Run actions/checkout@v4	2025-08-29T18:09:29.1897647Z ##[debug]Evaluating: github.token
Quick smoke checks (non-blocking)	Post Run actions/checkout@v4	2025-08-29T18:09:29.1897908Z ##[debug]Evaluating Index:
Quick smoke checks (non-blocking)	Post Run actions/checkout@v4	2025-08-29T18:09:29.1898166Z ##[debug]..Evaluating github:
Quick smoke checks (non-blocking)	Post Run actions/checkout@v4	2025-08-29T18:09:29.1898411Z ##[debug]..=> Object
Quick smoke checks (non-blocking)	Post Run actions/checkout@v4	2025-08-29T18:09:29.1898619Z ##[debug]..Evaluating String:
Quick smoke checks (non-blocking)	Post Run actions/checkout@v4	2025-08-29T18:09:29.1898835Z ##[debug]..=> 'token'
Quick smoke checks (non-blocking)	Post Run actions/checkout@v4	2025-08-29T18:09:29.1899243Z ##[debug]=> '***'
Quick smoke checks (non-blocking)	Post Run actions/checkout@v4	2025-08-29T18:09:29.1899553Z ##[debug]Result: '***'
Quick smoke checks (non-blocking)	Post Run actions/checkout@v4	2025-08-29T18:09:29.1907044Z ##[debug]Loading env
Quick smoke checks (non-blocking)	Post Run actions/checkout@v4	2025-08-29T18:09:29.1910813Z Post job cleanup.
Quick smoke checks (non-blocking)	Post Run actions/checkout@v4	2025-08-29T18:09:29.2853175Z ##[debug]Getting git version
Quick smoke checks (non-blocking)	Post Run actions/checkout@v4	2025-08-29T18:09:29.2868393Z [command]/usr/bin/git version
Quick smoke checks (non-blocking)	Post Run actions/checkout@v4	2025-08-29T18:09:29.2905545Z git version 2.51.0
Quick smoke checks (non-blocking)	Post Run actions/checkout@v4	2025-08-29T18:09:29.2928923Z ##[debug]0
Quick smoke checks (non-blocking)	Post Run actions/checkout@v4	2025-08-29T18:09:29.2932631Z ##[debug]git version 2.51.0
Quick smoke checks (non-blocking)	Post Run actions/checkout@v4	2025-08-29T18:09:29.2932919Z ##[debug]
Quick smoke checks (non-blocking)	Post Run actions/checkout@v4	2025-08-29T18:09:29.2933477Z ##[debug]Set git useragent to: git/2.51.0 (github-actions-checkout)
Quick smoke checks (non-blocking)	Post Run actions/checkout@v4	2025-08-29T18:09:29.2934495Z ::add-mask::***
Quick smoke checks (non-blocking)	Post Run actions/checkout@v4	2025-08-29T18:09:29.2956307Z Temporarily overriding HOME='/home/runner/work/_temp/481db742-db44-48e8-9c81-eb4530c333b0' before making global git config changes
Quick smoke checks (non-blocking)	Post Run actions/checkout@v4	2025-08-29T18:09:29.2957713Z Adding repository directory to the temporary git global config as a safe directory
Quick smoke checks (non-blocking)	Post Run actions/checkout@v4	2025-08-29T18:09:29.2961632Z [command]/usr/bin/git config --global --add safe.directory /home/runner/work/chronos/chronos
Quick smoke checks (non-blocking)	Post Run actions/checkout@v4	2025-08-29T18:09:29.2989464Z ##[debug]0
Quick smoke checks (non-blocking)	Post Run actions/checkout@v4	2025-08-29T18:09:29.2990072Z ##[debug]
Quick smoke checks (non-blocking)	Post Run actions/checkout@v4	2025-08-29T18:09:29.2997715Z [command]/usr/bin/git config --local --name-only --get-regexp core\.sshCommand
Quick smoke checks (non-blocking)	Post Run actions/checkout@v4	2025-08-29T18:09:29.3024712Z ##[debug]1
Quick smoke checks (non-blocking)	Post Run actions/checkout@v4	2025-08-29T18:09:29.3025367Z ##[debug]
Quick smoke checks (non-blocking)	Post Run actions/checkout@v4	2025-08-29T18:09:29.3032049Z [command]/usr/bin/git submodule foreach --recursive sh -c "git config --local --name-only --get-regexp 'core\.sshCommand' && git config --local --unset-all 'core.sshCommand' || :"
Quick smoke checks (non-blocking)	Post Run actions/checkout@v4	2025-08-29T18:09:29.3253031Z ##[debug]0
Quick smoke checks (non-blocking)	Post Run actions/checkout@v4	2025-08-29T18:09:29.3253685Z ##[debug]
Quick smoke checks (non-blocking)	Post Run actions/checkout@v4	2025-08-29T18:09:29.3259968Z [command]/usr/bin/git config --local --name-only --get-regexp http\.https\:\/\/github\.com\/\.extraheader
Quick smoke checks (non-blocking)	Post Run actions/checkout@v4	2025-08-29T18:09:29.3281217Z http.https://github.com/.extraheader
Quick smoke checks (non-blocking)	Post Run actions/checkout@v4	2025-08-29T18:09:29.3288593Z ##[debug]0
Quick smoke checks (non-blocking)	Post Run actions/checkout@v4	2025-08-29T18:09:29.3289382Z ##[debug]http.https://github.com/.extraheader
Quick smoke checks (non-blocking)	Post Run actions/checkout@v4	2025-08-29T18:09:29.3289845Z ##[debug]
Quick smoke checks (non-blocking)	Post Run actions/checkout@v4	2025-08-29T18:09:29.3295905Z [command]/usr/bin/git config --local --unset-all http.https://github.com/.extraheader
Quick smoke checks (non-blocking)	Post Run actions/checkout@v4	2025-08-29T18:09:29.3321023Z ##[debug]0
Quick smoke checks (non-blocking)	Post Run actions/checkout@v4	2025-08-29T18:09:29.3321625Z ##[debug]
Quick smoke checks (non-blocking)	Post Run actions/checkout@v4	2025-08-29T18:09:29.3327411Z [command]/usr/bin/git submodule foreach --recursive sh -c "git config --local --name-only --get-regexp 'http\.https\:\/\/github\.com\/\.extraheader' && git config --local --unset-all 'http.https://github.com/.extraheader' || :"
Quick smoke checks (non-blocking)	Post Run actions/checkout@v4	2025-08-29T18:09:29.3541180Z ##[debug]0
Quick smoke checks (non-blocking)	Post Run actions/checkout@v4	2025-08-29T18:09:29.3541555Z ##[debug]
Quick smoke checks (non-blocking)	Post Run actions/checkout@v4	2025-08-29T18:09:29.3542096Z ##[debug]Unsetting HOME override
Quick smoke checks (non-blocking)	Post Run actions/checkout@v4	2025-08-29T18:09:29.3608239Z ##[debug]Node Action run completed with exit code 0
Quick smoke checks (non-blocking)	Post Run actions/checkout@v4	2025-08-29T18:09:29.3610348Z ##[debug]Finishing: Post Run actions/checkout@v4
Quick smoke checks (non-blocking)	Complete job	﻿2025-08-29T18:09:29.3651642Z ##[debug]Starting: Complete job
Quick smoke checks (non-blocking)	Complete job	2025-08-29T18:09:29.3652727Z Evaluate and set job outputs
Quick smoke checks (non-blocking)	Complete job	2025-08-29T18:09:29.3657366Z Set output 'quick-smoke'
Quick smoke checks (non-blocking)	Complete job	2025-08-29T18:09:29.3659591Z Uploading runner diagnostic logs
Quick smoke checks (non-blocking)	Complete job	2025-08-29T18:09:29.3670951Z ##[debug]Starting diagnostic file upload.
Quick smoke checks (non-blocking)	Complete job	2025-08-29T18:09:29.3671282Z ##[debug]Setting up diagnostic log folders.
Quick smoke checks (non-blocking)	Complete job	2025-08-29T18:09:29.3672922Z ##[debug]Creating diagnostic log files folder.
Quick smoke checks (non-blocking)	Complete job	2025-08-29T18:09:29.3681682Z ##[debug]Copying 1 worker diagnostic logs.
Quick smoke checks (non-blocking)	Complete job	2025-08-29T18:09:29.3690104Z ##[debug]Copying 1 runner diagnostic logs.
Quick smoke checks (non-blocking)	Complete job	2025-08-29T18:09:29.3691234Z ##[debug]Zipping diagnostic files.
Quick smoke checks (non-blocking)	Complete job	2025-08-29T18:09:29.3774373Z ##[debug]Uploading diagnostic metadata file.
Quick smoke checks (non-blocking)	Complete job	2025-08-29T18:09:29.3804012Z ##[debug]Diagnostic file upload complete.
Quick smoke checks (non-blocking)	Complete job	2025-08-29T18:09:29.3804516Z Completed runner diagnostic log upload
Quick smoke checks (non-blocking)	Complete job	2025-08-29T18:09:29.3804785Z Cleaning up orphan processes
Quick smoke checks (non-blocking)	Complete job	2025-08-29T18:09:29.4073764Z ##[debug]Finishing: Complete job
